<html>
<body>
<pre>
<h1>µVision Build Log</h1>
<h2>Project:</h2>
E:\stm32\stm32-output\STM32\STM32\47.Lcd1602_1\Demo.uvproj
Project File Date:  06/19/2022

<h2>Output:</h2>
Build target 'Target 1'
compiling main.c...
User\music.h(10): warning:  #1-D: last line of file ends without a newline
  #endif
User\bsp_hcsr04.h(17): warning:  #1-D: last line of file ends without a newline
  #endif
User\bsp_spi_max6675.h(16): warning:  #1-D: last line of file ends without a newline
  #endif
User\bsp_HC74595.h(17): warning:  #1-D: last line of file ends without a newline
  #endif
User\main.c(50): warning:  #111-D: statement is unreachable
        count++;
User\main.c(53): warning:  #1-D: last line of file ends without a newline
  }
User\main.c(21): warning:  #177-D: variable "i" was declared but never referenced
        int i;
User\main.c: 7 warnings, 0 errors
compiling bsp_rtc.c...
compiling bsp_lcd1602.c...
User\bsp_lcd1602.c(1): warning:  #1-D: last line of file ends without a newline
  #include "bsp_lcd1602.h"
User\bsp_lcd1602.c: 1 warning, 0 errors
linking...
Program Size: Code=11976 RO-data=268 RW-data=140 ZI-data=1068  
".\Demo.axf" - 0 Error(s), 8 Warning(s).
</pre>
</body>
</html>
