<html>
<body>
<pre>
<h1>µVision Build Log</h1>
<h2>Project:</h2>
E:\stm32\stm32-output\STM32\STM32\47.Lcd1602_1\Demo.uvproj
Project File Date:  06/19/2022

<h2>Output:</h2>
</pre>
</body>
</html>

assembling startup_stm32f10x_md.s...
compiling system_stm32f10x.c...
compiling core_cm3.c...
compiling stm32f10x_it.c...
compiling misc.c...
compiling stm32f10x_adc.c...
compiling stm32f10x_bkp.c...
compiling stm32f10x_can.c...
compiling stm32f10x_cec.c...
compiling stm32f10x_crc.c...
compiling stm32f10x_dac.c...
compiling stm32f10x_dbgmcu.c...
compiling stm32f10x_dma.c...
compiling stm32f10x_exti.c...
compiling stm32f10x_flash.c...
compiling stm32f10x_fsmc.c...
compiling stm32f10x_gpio.c...
compiling stm32f10x_i2c.c...
compiling stm32f10x_iwdg.c...
compiling stm32f10x_pwr.c...
compiling stm32f10x_rcc.c...
compiling stm32f10x_rtc.c...
compiling stm32f10x_sdio.c...
compiling stm32f10x_spi.c...
compiling stm32f10x_tim.c...
compiling stm32f10x_usart.c...
compiling stm32f10x_wwdg.c...
compiling main.c...
User\music.h(10): warning:  #1-D: last line of file ends without a newline
  #endif
User\bsp_hcsr04.h(17): warning:  #1-D: last line of file ends without a newline
  #endif
User\bsp_spi_max6675.h(16): warning:  #1-D: last line of file ends without a newline
  #endif
User\bsp_HC74595.h(17): warning:  #1-D: last line of file ends without a newline
  #endif
User\bsp_lcd1602.h(62): warning:  #1-D: last line of file ends without a newline
  #endif 
User\main.c(69): warning:  #111-D: statement is unreachable
        count++;
User\main.c(72): warning:  #1-D: last line of file ends without a newline
  }
User\main.c(29): warning:  #177-D: variable "i" was declared but never referenced
        int i;
User\main.c: 8 warnings, 0 errors
compiling Led_Key.c...
User\Led_Key.c(129): warning:  #940-D: missing return statement at end of non-void function "Matrix_Key_Scan"
  }
User\Led_Key.c: 1 warning, 0 errors
compiling bsp_exti.c...
compiling bsp_SysTick.c...
compiling bsp_iwdg.c...
compiling bsp_wwdg.c...
compiling bsp_uart.c...
compiling bsp_dma.c...
compiling bsp_adc.c...
compiling bsp_rtc.c...
compiling bsp_tim.c...
User\bsp_tim.c(218): warning:  #1-D: last line of file ends without a newline
   } 
User\bsp_tim.c: 1 warning, 0 errors
compiling music.c...
User\music.h(10): warning:  #1-D: last line of file ends without a newline
  #endif
User\music.c(34): warning:  #1-D: last line of file ends without a newline
  }
User\music.c: 2 warnings, 0 errors
compiling bsp_hcsr04.c...
User\bsp_hcsr04.h(17): warning:  #1-D: last line of file ends without a newline
  #endif
User\bsp_hcsr04.c: 1 warning, 0 errors
compiling bsp_spi_max6675.c...
User\bsp_spi_max6675.h(16): warning:  #1-D: last line of file ends without a newline
  #endif
User\bsp_spi_max6675.c(57): warning:  #1-D: last line of file ends without a newline
  }
User\bsp_spi_max6675.c: 2 warnings, 0 errors
compiling bsp_digitaltube_1.c...
User\bsp_digitaltube_1.c(28): warning:  #1-D: last line of file ends without a newline
  }
User\bsp_digitaltube_1.c: 1 warning, 0 errors
compiling bsp_74HC595.c...
User\bsp_HC74595.h(17): warning:  #1-D: last line of file ends without a newline
  #endif
User\bsp_74HC595.c(48): warning:  #174-D: expression has no effect
                byte << 1;
User\bsp_74HC595.c(79): warning:  #1-D: last line of file ends without a newline
  }
User\bsp_74HC595.c: 3 warnings, 0 errors
compiling bsp_lcd1602.c...
User\bsp_lcd1602.h(62): warning:  #1-D: last line of file ends without a newline
  #endif 
User\bsp_lcd1602.c: 1 warning, 0 errors
linking...
Program Size: Code=10828 RO-data=268 RW-data=80 ZI-data=1048  
".\Demo.axf" - 0 Error(s), 20 Warning(s).
</pre>
</body>
</html>
4HC595.c...
User\bsp_HC74595.h(17): warning:  #1-D: last line of file ends without a newline
  #endif
User\bsp_74HC595.c(48): warning:  #174-D: expression has no effect
                byte << 1;
User\bsp_74HC595.c(79): warning:  #1-D: last line of file ends without a newline
  }
User\bsp_74HC595.c: 3 warnings, 0 errors
compiling bsp_lcd1602.c...
User\bsp_lcd1602.h(62): warning:  #1-D: last line of file ends without a newline
  #endif 
User\bsp_lcd1602.c: 1 warning, 0 errors
linking...
Program Size: Code=10756 RO-data=268 RW-data=80 ZI-data=1048  
".\Demo.axf" - 0 Error(s), 24 Warning(s).
