<html>
<body>
<pre>
<h1>µVision Build Log</h1>
<h2>Project:</h2>
E:\stm32\stm32-output\STM32\STM32\36.Beep_1\Demo.uvproj
Project File Date:  06/12/2022

<h2>Output:</h2>
Rebuild target 'Target 1'
assembling startup_stm32f10x_md.s...
compiling system_stm32f10x.c...
compiling core_cm3.c...
compiling stm32f10x_it.c...
compiling misc.c...
compiling stm32f10x_adc.c...
compiling stm32f10x_bkp.c...
compiling stm32f10x_can.c...
compiling stm32f10x_cec.c...
compiling stm32f10x_crc.c...
compiling stm32f10x_dac.c...
compiling stm32f10x_dbgmcu.c...
compiling stm32f10x_dma.c...
compiling stm32f10x_exti.c...
compiling stm32f10x_flash.c...
compiling stm32f10x_fsmc.c...
compiling stm32f10x_gpio.c...
compiling stm32f10x_i2c.c...
compiling stm32f10x_iwdg.c...
compiling stm32f10x_pwr.c...
compiling stm32f10x_rcc.c...
compiling stm32f10x_rtc.c...
compiling stm32f10x_sdio.c...
compiling stm32f10x_spi.c...
compiling stm32f10x_tim.c...
compiling stm32f10x_usart.c...
compiling stm32f10x_wwdg.c...
compiling main.c...
compiling Led_Key.c...
User\Led_Key.c(129): warning:  #940-D: missing return statement at end of non-void function "Matrix_Key_Scan"
  }
User\Led_Key.c: 1 warning, 0 errors
compiling bsp_exti.c...
compiling bsp_SysTick.c...
compiling bsp_iwdg.c...
compiling bsp_wwdg.c...
compiling bsp_uart.c...
compiling bsp_dma.c...
compiling bsp_adc.c...
compiling bsp_rtc.c...
compiling bsp_tim.c...
User\bsp_tim.c(109): warning:  #1-D: last line of file ends without a newline
  }
User\bsp_tim.c: 1 warning, 0 errors
linking...
Program Size: Code=9936 RO-data=268 RW-data=56 ZI-data=1024  
".\Demo.axf" - 0 Error(s), 2 Warning(s).
</pre>
</body>
</html>
